[debug] [2026-09-20T06:27:11.087Z] ----------------------------------------------------------------------
[debug] [2026-09-20T06:27:11.090Z] Command:       C:\Program Files\nodejs\node.exe C:\Users\USER\AppData\Roaming\npm\node_modules\firebase-tools\lib\bin\firebase.js login --reauth
[debug] [2026-09-20T06:27:11.090Z] CLI Version:   15.30.2
[debug] [2026-09-20T06:27:11.091Z] Platform:      win32
[debug] [2026-09-20T06:27:11.091Z] Node Version:  v24.15.0
[debug] [2026-09-20T06:27:11.091Z] Detected Agent: unknown
[debug] [2026-09-20T06:27:11.091Z] Time:          Sun Sep 20 2026 09:27:11 GMT+0300 (East Africa Time)
[debug] [2026-09-20T06:27:11.091Z] ----------------------------------------------------------------------
[debug] 
[info] 
[info] Visit this URL on this device to log in:
[info] https://accounts.google.com/o/oauth2/auth?client_id=563584335869-fgrhgmd47bqnekij5i8b5pr03ho849e6.apps.googleusercontent.com&scope=email%20openid%20https%3A%2F%2Fwww.googleapis.com%2Fauth%2Fcloudplatformprojects.readonly%20https%3A%2F%2Fwww.googleapis.com%2Fauth%2Ffirebase%20https%3A%2F%2Fwww.googleapis.com%2Fauth%2Fcloud-platform&response_type=code&state=655759197&redirect_uri=http%3A%2F%2Flocalhost%3A9005
[info] 
[info] Waiting for authentication...
[debug] [2026-09-20T06:27:11.153Z] Error: spawn cmd ENOENT
    at ChildProcess._handle.onexit (node:internal/child_process:287:19)
    at onErrorNT (node:internal/child_process:508:16)
    at process.processTicksAndRejections (node:internal/process/task_queues:90:21)
[error] 
[error] Error: An unexpected error has occurred.
